Endpoint: https://www.publi20.com/wp-json/ (HTTP 200)
Métodos de autenticación anunciados: application-passwords
REST: listing=listing listing_category=listing_category
141 categorías, 1569 fichas
3954 filas
    481 /rankings/agencias-inbound-marketing-mexico/
    469 /rankings/agencias-de-publicidad-por-estado/
    407 /rankings/agencias-de-publicidad-mexico/
    375 /rankings/agencias-de-marketing-mexico/
    365 /rankings/casas-productoras-mexico/
    323 /rankings/estudios-diseno-branding-mexico/
    266 /rankings/agencias-btl-promotoria-mexico/
    239 /rankings/proveedores-pop-promocionales-mexico/
    212 /rankings/agencias-de-medios-mexico/
    153 /rankings/empresas-publicidad-exterior-mexico/
    151 /rankings/productoras-de-eventos-mexico/
    126 /rankings/estudios-doblaje-locucion-mexico/
    106 /rankings/agencias-investigacion-de-mercados-mexico/
     92 /rankings/agencias-relaciones-publicas-mexico/
     72 /rankings/agencias-de-publicidad-cdmx/
     56 /rankings/grupos-radiofonicos-mexico/
     48 /rankings/agencias-de-publicidad-queretaro/
     13 /rankings/agencias-de-publicidad-monterrey/
