fecha: 2026-10-08T20:33:32Z
== Canal @Publi20 ==
Y-L8iZgYeDc | Comercial Budweiser Cachorro Perdido | 1:46
31tqx8NMDSI | Comercial Budweiser Amor de Cachorro | 1:01
yVRPgNyXmkU | Comercial Xl   Publicidad en México | 22
qkU_hd-KPd8 | Comercial Silka Medic Enero    Publicidad en México | 22
f2wnwSIZdRg | Comercial Little César   Publicidad en México | 22
_Zh7Q_t5fwQ | Comercial Halls   Publicidad en México | 25
YGxR2wbB-jA | Comercial Vive   Publicidad en México | 42
VYcMWgsz7EE | Comercial Barcel   Publicidad en México | 22
P8releJgz-A | Comercial Purific   Publicidad en México | 22
ILJ91swWLWg | Comercial Yoplait   Publicidad en México | 22
F8ZMds8L0Ck | Comercial Salvavidas   Publicidad en México | 31
C5onzOuMm5Q | Comercial Nescafé   Publicidad en México | 32
9pLBIrkjmSg | Comercial English Lady   Publicidad en México | 12
zkASnUyLbl8 | Comercial Vive    Publicidad en México | 42
yci5bU8yBLQ | Comercial Metabol Tonics   Publicidad en México | 32
w-V-_vM7p5M | Comercial Danone A1   Publicidad en México | 22
uhbu16icoRw | Comercial Camisas Mariscal Con Gene Barry   Publicidad en México | 28
ugV-hUD9ysQ | Comercial Colgate Con Hugo Sánchez   Publicidad en México | 41
uaG17l_93ME | Comercial Brandy Viejo Vergel   Publicidad en México | 1:00
pzqCo5T8W2Q | Comercial Loréal Diciembre    Publicidad en México | 22
pYNZPsuTpbE | Comercial Desenfriol   Publicidad en México | 26
leELV18hdM8 | Comercial Garnier A1   Publicidad en México | 22
lbglKs9WbTI | Comercial Downy A1   Publicidad en México | 22
k8Zh1sBVa1s | Comercial Sistema Gb   Publicidad en México | 22
ibbQQnvDSKM | Comercial Movistar A2   Publicidad en México | 22
hp6toY8Y9Mc | Comercial Trimetose   Publicidad en México | 31
fDFHUkKnacE | Comercial Unefon   Publicidad en México | 32
f32qFQdAj64 | Comercial Pepsi Con Chabelo Y Ramiro Gamboa   Publicidad en México | 32
eK8H6gQH788 | Comercial Mejoral   Publicidad en México | 31
e34OW1KLm4o | Comercial Barcel A1   Publicidad en México | 22
dct6IfnRXLE | Comercial Knorr Tomate   Publicidad en México | 29
dYNcT3W8_Qo | Comercial Danone Enero    Publicidad en México | 22
aslfnsNqaHM | Comercial Barbie Ama Animales   Publicidad en México | 31
aS8hwE2dpXo | Comercial Tresemmé   Publicidad en México | 12
a4_46kLtosk | Comercial Tukol D Tukaliv Noviembre    Publicidad en México | 32
_pTLRYJoH4I | Comercial Marinela A1   Publicidad en México | 12
_XSGG9mPhuw | Comercial Alka seltzer Con Mauricio Herrera   Publicidad en México | 28
YVLpgKkn9sM | Comercial Vanart   Publicidad en México | 22
Spx345utoVo | Comercial Bud Diciembre    Publicidad en México | 22
SKZbwT4tzOw | Comercial Bolígrafo Parker T ball   Publicidad en México | 29
N0rF2lPG4Ts | Comercial Cicatricure Enero    Publicidad en México | 22
HOC5GVK3KyA | Comercial Mach    Publicidad en México | 32
FR0oDRYhVYM | Comercial Íntimo A1   Publicidad en México | 22
D7IiwGttX9A | Comercial Ponds 2   Publicidad en México | 12
B67p_gPcQmA | Comercial La Mujer V   Publicidad en México | 1:11
Aw9p8ouEfCc | Comercial Fruti Lupis   Publicidad en México | 19
AUl64_pX5cE | Comercial Bon Ice   Publicidad en México | 32
9qVxLFmiZ-o | Comercial Cerveza Corona A1   Publicidad en México | 17
5BDGTIA3Yxw | Comercial Head & Shoulder   Publicidad en México | 22
55L-rnLmSWE | Comercial Kotex Noviembre    Publicidad en México | 22
4_fBu_QrBxo | Comercial Iusacell Noviembre    Publicidad en México | 22
4XmdFFFUl_g | Comercial Bio Expert A1   Publicidad en México | 1:02
4Dn4MObxhC0 | Comercial Barcel Diciembre    Publicidad en México | 22
3pp__nNocm4 | Comercial Goicoechea   Publicidad en México | 32
1XAgY82mDW4 | Comercial Corn Pops De Kellogg's   Publicidad en México | 31
19jgbi9QtkA | Comercial Corona   Publicidad en México | 23
-OXsn1Ie3h0 | Comercial Izzi Telecom   Publicidad en México | 22
ybFBdMKy7J0 | Comercial Gelbeck Enero    Publicidad en México | 22
yL3PlrWSP-M | Comercial Cicatricure A1   Publicidad en México | 22
y9_J9uLco-Q | Comercial Nescafé Con Tin Tan   Publicidad en México | 24
y4T4iMCQP_4 | Comercial Auto Vauxhall   Publicidad en México | 19
xYXidt22kg4 | Comercial Ariel   Publicidad en México | 12
x-oe62fHwjg | Comercial Vanart Enero    Publicidad en México | 22
pYLUhkuYvNk | Comercial Pepsi Con Chabelo Y Ramiro Gamboa A1   Publicidad en México | 28
k2O-uHtfonk | Comercial Goicochea   Publicidad en México | 22
jcU_GjJ-M5Y | Comercial Quaker State   Publicidad en México | 23
hHt8cUp6uCc | Comercial Ibm Huellas De La Publicidad   Publicidad en México | 30
gyijRmYMsPE | Comercial Nescafé Con María Félix   Publicidad en México | 21
arJGqRrsc68 | Comercial Astringosol Con Susana Alexander Y Carlos Rotzinger   Publicidad en México | 41
_grp4JEbQno | Comercial Bud   Publicidad en México | 22
Yrdrx7hht8Y | Comercial Asepxia 4   Publicidad en México | 32
WIvC1QOZtVI | Comercial Mattel   Publicidad en México | 22
Vi_KYXEJYgo | Comercial Ace   Publicidad en México | 22
TvUMhJlH5lA | Comercial Shampoo Selsun Azul Con Jorge Arvizu   Publicidad en México | 36
TIoFeAISD5w | Comercial Ricolino   Publicidad en México | 12
T5pY-yYAHxg | Comercial Desodorante Shulton S    Publicidad en México | 40
RTuA_emD6I8 | Comercial Sedal   Publicidad en México | 12
QbONjKP9O0s | Comercial Bbva Bancomer   Publicidad en México | 22
PMiBZRQ3p_M | Comercial Barbie Aeróbica   Publicidad en México | 31
NyIDiWHb-Qs | Comercial Nextel   Publicidad en México | 22
Gv2Cq7J5N8Y | Comercial Asepxia Noviembre    Publicidad en México | 32
DRqp5v97aXI | Comercial Unefon A1   Publicidad en México | 12
CmuPzCLln7Q | Comercial Colgate Noviembre    Publicidad en México | 22
BdxeqhSgl8U | Comercial Palermo Canadá   Publicidad en México | 28
BTWqiHOO5QA | Comercial Glostora A1   Publicidad en México | 29
BFfNHuX-Cic | Comercial Dodge Club Cab   Publicidad en México | 29
ANS6TGhTtbE | Comercial Purifiq   Publicidad en México | 22
8xzLGInnVy8 | Comercial Marinela   Publicidad en México | 22
35A204TS-5Q | Comercial Telcel   Publicidad en México | 22
2wRMxyLvCo4 | Comercial Shot b   Publicidad en México | 22
18MEfBTmkjQ | Comercial Corn Flakes De Kellogg's   Publicidad en México | 31
oqS7HoUTs0U | Comercial Intimo   Publicidad en México | 22
oo6LI_SYh-8 | Comercial Café Oro A1   Publicidad en México | 41
nLYQJKANuEc | Comercial Mitsubishi Motors   Publicidad en México | 21
maiGy5gBwlw | Comercial Cepillos Profile   Publicidad en México | 30
iZPD7DwThVg | Comercial Loxcell A1   Publicidad en México | 22
hOcXno3JMAc | Comercial Jabón Colgate Con Silvia Pinal   Publicidad en México | 18
h6UkkGUrmYM | Comercial Histiacil Diciembre    Publicidad en México | 32
fDhNf0x-23k | Comercial Avon 2   Publicidad en México | 31
erJSwrTTJv0 | Comercial Camisas Mariscal Con Jorge Lavat   Publicidad en México | 43
eXzXikPfHQA | Comercial Pepsi 2   Publicidad en México | 39
dphBjWhDzHo | Comercial Knorr Suiza   Publicidad en México | 31
dDqf7CtYk2g | Comercial Nestlé Enero A1   Publicidad en México | 32
ccpUgmdWrak | Comercial Mexicana Con Mafalda   Publicidad en México | 20
aYKILSgwXD4 | Comercial Dorian Grey   Publicidad en México | 19
_Cfw5bFzpOk | Comercial Head & Shoulders A2   Publicidad en México | 22
X3nOUdHid0U | Comercial Ponds A1   Publicidad en México | 12
WKZB_TOpDbA | Comercial Iusacell A1   Publicidad en México | 22
VtOu4r7Cb1U | Comercial Asepxia 2   Publicidad en México | 22
Q3Mc-9xjndU | Comercial Ricolino 2   Publicidad en México | 12
PbQ599-TSPU | Comercial Fermodyl A1   Publicidad en México | 32
PKEycaYxTZA | Comercial Pepsi A1   Publicidad en México | 12
PGm2K2fLsoY | Comercial Sabritas A1   Publicidad en México | 32
NkU286gISik | Comercial Café Oro   Publicidad en México | 32
MrdQdvQzdrU | Comercial Milo   Publicidad en México | 1:03
KrD4tnlulEU | Comercial Íntimo   Publicidad en México | 22
JX8ZUfhlGwc | Comercial Intimo Enero    Publicidad en México | 32
FhKevh3Jbxk | Comercial Colchones Selther   Publicidad en México | 30
EWtYRWqE-yU | Comercial Banco De Comercio   Publicidad en México | 23
9WRmCwJWUCI | Comercial Sistema Gb A1   Publicidad en México | 22
6SMTX0jFUAU | Comercial Marinela A2   Publicidad en México | 22
5y95w-B91SI | Comercial Nikzon   Publicidad en México | 32
2ZF-GxK7y7Y | Comercial Banorte   Publicidad en México | 26
0lH1OL1Xels | Comercial Dove   Publicidad en México | 22
yiz8U6rkp8E | Comercial Savilé A1   Publicidad en México | 32
uPUSkX5ZoVQ | Comercial Cicatricure   Publicidad en México | 22
rX7FTUjbs4s | Comercial Losec A   Publicidad en México | 22
qNQG-BZ1E1Q | Comercial Electropura   Publicidad en México | 25
m6FomulynYs | Comercial Avon   Publicidad en México | 22
lE-kbk-RuLo | Comercial Orange Crush A1   Publicidad en México | 32
icnS1VTXp1U | Comercial Gelbeck   Publicidad en México | 22
h1OMOdn0bi0 | Comercial Ponds   Publicidad en México | 12
gLO_dsM9x1g | Comercial Movistar Diciembre    Publicidad en México | 32
c5VySdt_xO8 | Comercial Shot B   Publicidad en México | 22
YudJOjguFO4 | Comercial Perma sharp   Publicidad en México | 30
Yem7pbSrK48 | Comercial Sistema Gb Enero    Publicidad en México | 32
WrutrcjAG9k | Comercial Genoprazol   Publicidad en México | 32
WTVUP-6B2do | Comercial Musica Y Vida   Publicidad en México | 22
T8vfYBYysKg | Comercial Gamesa p   Publicidad en México | 22
SAIX2SohYz0 | Comercial Lomecan   Publicidad en México | 32
O-3F3-7jbzY | Comercial Savia Diciembre    Publicidad en México | 22
NU2ihVePIC4 | Comercial En Familia Con Chabelo Duvalín   Publicidad en México | 33
MI6nlFXxbe4 | Comercial Head & Shoulders 2   Publicidad en México | 22
MAtZmGlw2z4 | Comercial Cicatricure 4   Publicidad en México | 22
LEbuC0zB1WE | Comercial Vive 2   Publicidad en México | 52
KgpstDcG-vM | Comercial Telcel A1   Publicidad en México | 22
DSEx8WeI5kU | Comercial Tio Nacho   Publicidad en México | 22
ADCycdFqXWw | Comercial Pascual Piña   Publicidad en México | 21
9TfbK6lRV5I | Comercial Sonrisal   Publicidad en México | 21
7mYz-Kcs-o4 | Comercial Unefon A2   Publicidad en México | 12
65YWT4-GoaQ | Comercial Goicochea A1   Publicidad en México | 22
3pyLy-WngHg | Comercial Cicatricure 3   Publicidad en México | 22
3ct2Rbsh5K0 | Comercial Head & Shoulders Diciembre    Publicidad en México | 12
1Ib7RAtsGyk | Comercial Danonino A1   Publicidad en México | 22
ybz3idgdQTQ | Comercial Papas Barcel   Publicidad en México | 20
vsBiplIRr8o | Comercial Metabol Tonics Enero    Publicidad en México | 32
tswcFW14fow | Comercial Rolipen Berol   Publicidad en México | 21
rKrNpYibW-8 | Comercial Iem   Publicidad en México | 30
mHcgsv6sRxM | Comercial Movistar   Publicidad en México | 22
lVZ-Sji5njM | Comercial Burger Boy   Publicidad en México | 41
jYHZDsZFTjU | Comercial Savilé A2   Publicidad en México | 42
idJFKht-XwM | Comercial Silka Medic   Publicidad en México | 22
hPgxH90GrNo | Comercial Movistar 2   Publicidad en México | 12
fcxdUXYpeRI | Comercial Scotch brite   Publicidad en México | 22
cverwUdLbGA | Comercial Nestlé Enero    Publicidad en México | 22
bikecTYBTpc | Comercial Bio Expert   Publicidad en México | 42
a2TqxMOCsRg | Comercial Ego   Publicidad en México | 42
WJV4XMNbm2s | Comercial Alert A1   Publicidad en México | 32
VhCsm1N7_a8 | Comercial Lulú   Publicidad en México | 22
VJKukKI0KYY | Comercial Victoria Diciembre    Publicidad en México | 22
V6hZQgvLp3Q | Comercial Metabol   Publicidad en México | 22
UuV-QUPP9T4 | Comercial Yoplait A1   Publicidad en México | 22
Ss5EVsvlFko | Comercial Lala   Publicidad en México | 22
ST688q9SEuc | Comercial Pantene   Publicidad en México | 32
PLyWHWAL4EE | Comercial En Familia Con Chabelo Sabritas   Publicidad en México | 35
OSxK45pZzxo | Comercial Epura   Publicidad en México | 22
NT5EMN6-X8U | Comercial Head & Shoulders A1   Publicidad en México | 12
MyemILZCI9E | Comercial Victoria   Publicidad en México | 32
M5Ct95UZVmY | Comercial Head & Shoulders   Publicidad en México | 22
KMTvyUXohI8 | Comercial Alert   Publicidad en México | 32
J1Au-_LQ7pM | Comercial Bud 2   Publicidad en México | 21
IjQ_Km1x3Eg | Comercial Lomecan V   Publicidad en México | 22
H0IRlZxzaUg | Comercial Head & Shoulders Noviembre    Publicidad en México | 22
GCOAoGcD6pc | Comercial Asepxia 3   Publicidad en México | 22
EWH3I22FFXo | Comercial Cerillos De La Central   Publicidad en México | 25
DEhcthTrDNA | Comercial Metaboltonics Enero    Publicidad en México | 22
BHrxHFx2fYA | Comercial Movistar Diciembre A1   Publicidad en México | 32
B3p2hyfttOY | Comercial Barcel Huellas De La Publicidad   Publicidad en México | 35
AcFgpG_snkQ | Comercial Total Play Enero    Publicidad en México | 22
AXENk5M71vQ | Comercial Contac X    Publicidad en México | 31
A5LgzR7i2kI | Comercial Cerveza Modelo Especial   Publicidad en México | 31
9vV7EjHd9Os | Comercial Choco Milk   Publicidad en México | 29
9pW9t3kPxf4 | Comercial Always   Publicidad en México | 22
3EI3srMcnZs | Comercial Ariel 2   Publicidad en México | 12
2xsG4oyzvyg | Comercial Sabritas 3   Publicidad en México | 32
0ZeffojRvKU | Comercial Goicotabs   Publicidad en México | 22
0ZPqcu5bl4w | Comercial Refrigerador Mabe Duplex   Publicidad en México | 30
-sEBKHlXQDk | Comercial Friso   Publicidad en México | 32
-3nm3zMef_Q | Comercial Sabritas Con Yuri   Publicidad en México | 1:01
zVOoXGiNOAg | Comercial Cicatricure 2   Publicidad en México | 22
yrTMGTKg5Kg | Comercial En Familia Con Chabelo Sonrics   Publicidad en México | 25
ym98Rwg6hK0 | Comercial Sabritas 2   Publicidad en México | 12
yLnmXyaUBK0 | Comercial Tío Nacho   Publicidad en México | 22
y8k6Ex0vJ2g | Comercial Riko Pollo   Publicidad en México | 42
y1IHOtHQnEY | Comercial Goicoechea A1   Publicidad en México | 22
xawknqOqCYU | Comercial Salvavidas Con Voz De Jorge Arvizu   Publicidad en México | 30
x9OvDqVMaQ4 | Comercial Fermodyl Enero    Publicidad en México | 22
wYnSzIBJ9XM | Comercial Sabritas 4   Publicidad en México | 12
wK_tXfukvp8 | Comercial Teatrical   Publicidad en México | 22
wALXfcxYmY8 | Comercial Jugo Tang   Publicidad en México | 21
vxa-tsEcov0 | Comercial Fanta Con Gerardo Quiroz   Publicidad en México | 30
vViV6ANDYGI | Comercial Modelo Diciembre    Publicidad en México | 22
vQzAdthQgSM | Comercial Ego A1   Publicidad en México | 42
usxUASlBi7I | Comercial Cicatricure A2   Publicidad en México | 22
u6Mz-jhmPYU | Comercial Alert Con Luis García   Publicidad en México | 41
t_eTeUarGC0 | Comercial Barcel 2   Publicidad en México | 22
t_JraadRoxc | Comercial Triatop   Publicidad en México | 32
sjBIJEKtfLs | Comercial Ron Castillo   Publicidad en México | 31
sJ5DmajSj0U | Comercial Pepsi   Publicidad en México | 34
sGbtD4b6kDY | Comercial Danone 2   Publicidad en México | 22
rI8kZzena8M | Comercial Ricolino A2   Publicidad en México | 22
qzr70qgd8e4 | Comercial Pantene Diciembre    Publicidad en México | 32
qfldmSZJsoU | Comercial Glostora   Publicidad en México | 30
qUQ8Un3xTP4 | Comercial Video   Publicidad en México | 21
p7EzqrDl1wA | Comercial Ariel A1   Publicidad en México | 32
of5ZV6dVuCo | Comercial Euzkadi Radial Ta Con Jimmy Morales   Publicidad en México | 40
oSJY9cyXiXk | Comercial Bepanthen   Publicidad en México | 22
oRfrD2t9Z0M | Comercial Kodak Star    Publicidad en México | 31
oJpnwKF9puA | Comercial Pond's   Publicidad en México | 30
n_By0qqdAd4 | Comercial Nivea   Publicidad en México | 22
nXC_ZjsCbjw | Comercial Cerveza Corona De Barril Con Paco Malgesto   Publicidad en México | 31
nF2heQnq6DA | Comercial En Familia Con Chabelo Barcel   Publicidad en México | 31
liCP-Q-Bpnw | Comercial Pepto Bismol Diciembre    Publicidad en México | 21
l6KlS6yvPuc | Comercial Unefon Diciembre    Publicidad en México | 22
kdX9cfvhP-A | Comercial Garnier   Publicidad en México | 22
k35Hm54yvcw | Comercial Catsup Del Monte   Publicidad en México | 30
irLVrbUoJz8 | Comercial Danonino   Publicidad en México | 22
iPkxVnMeYrk | Comercial Chrysler Valiant Con El Locutor León Michel   Publicidad en México | 47
hkydaLFS97o | Comercial Sabritas A2   Publicidad en México | 22
hc7jafvIsis | Comercial Gamesa A1   Publicidad en México | 32
h9J5hiVpfII | Comercial Alert Diciembre    Publicidad en México | 22
gSEWN6bBTk0 | Comercial Fermodyl   Publicidad en México | 32
err8b_yGRkc | Comercial Tried & True   Publicidad en México | 38
e5tISmnGK4k | Comercial Cerveza Corona   Publicidad en México | 18
dyBoVxQdD4s | Comercial Visa   Publicidad en México | 32
cDyJg0qjcXg | Comercial Gamesa   Publicidad en México | 35
aydMb2hLnPg | Comercial Sabritas 5   Publicidad en México | 22
aO7PjZQlP7g | Comercial Jumex   Publicidad en México | 32
a1RdaP8ciRo | Comercial Pedigree Diciembre    Publicidad en México | 22
Zj9RlqTctv0 | Comercial Nivea A1   Publicidad en México | 22
ZVePzci9u3s | Comercial Asepxia   Publicidad en México | 22
Z1yUroF1MjQ | Comercial Telmex   Publicidad en México | 45
YKZ7vyS8uuQ | Comercial Lavadoras Mabe   Publicidad en México | 30
YDngmhVrNkY | Comercial Heineken Diciembre    Publicidad en México | 32
YCX_B2ZGkSM | Comercial Friso A1   Publicidad en México | 32
WV3FK2ofEBM | Comercial Zest   Publicidad en México | 22
WTSg7D_gr2Y | Comercial Fresca Diciembre    Publicidad en México | 22
W0jI4n9Yf3A | Comercial Bon Ice A1   Publicidad en México | 32
Te4qAa_0z_M | Comercial Pond's S   Publicidad en México | 40
THMsqXGO_ZI | Comercial Downy   Publicidad en México | 32
TCWURq1Jzsc | Comercial Purifiq Enero    Publicidad en México | 22
SrLcviEOOb4 | Comercial Bimbo Enero    Publicidad en México | 22
SoX9fr-ELVE | Comercial Loxcell   Publicidad en México | 22
SNoYtn7tZWQ | Comercial Caprice   Publicidad en México | 35
RLCUDgB_obo | Comercial Shotb   Publicidad en México | 22
R4d-fA69eB4 | Comercial Paleta Payaso   Publicidad en México | 20
Qrc24s89QJo | Comercial Orbit   Publicidad en México | 22
QhfKS7eCQ2w | Comercial Philips   Publicidad en México | 21
QPw8jFEI1qs | Comercial Mermelada Mccormick   Publicidad en México | 30
PeAAUQ3-q_I | Comercial Losec A A1   Publicidad en México | 22
P-XPxit9T4Q | Comercial Cantinflas Aniversario   Publicidad en México | 22
M_IJsPRPQ4U | Comercial Sabritas   Publicidad en México | 24
MGHwH8yXlpQ | Comercial Bonafont Noviembre    Publicidad en México | 22
LZYKW14RqP8 | Comercial Unesia   Publicidad en México | 22
LDt-xU1-uA8 | Comercial Jarritos   Publicidad en México | 22
KpeT68Je60g | Comercial Bardahl   Publicidad en México | 30
JzkRJHjpZMM | Comercial Orange Crush   Publicidad en México | 31
JqUKMvSq9p0 | Comercial Movistar A1   Publicidad en México | 22
JKi-O39uC8U | Comercial Burger King Enero    Publicidad en México | 12
Ifh7ZqNBjHQ | Comercial Little Caesars   Publicidad en México | 12
IJvWe0yv8xo | Comercial Nextel Diciembre    Publicidad en México | 22
HztBTLDYFSo | Comercial Asepxia A1   Publicidad en México | 22
HrH9fDzFShM | Comercial Axe   Publicidad en México | 12
GMf3Ophpcrg | Comercial Sabritas Diciembre    Publicidad en México | 22
DnNOF7CSs6Q | Comercial Ricolino A1   Publicidad en México | 12
DlZ7eYCx09Y | Comercial Mayonesa Mccormick   Publicidad en México | 25
DMnf85HMXqo | Comercial Pinol   Publicidad en México | 59
Culi2zVPW38 | Comercial Iusacell   Publicidad en México | 22
CZNSWqXRl0Q | Comercial Leche Carnation   Publicidad en México | 29
BPAIUZaOGq8 | Comercial Rexona   Publicidad en México | 22
AJisOvVvdn0 | Comercial Telmex A1   Publicidad en México | 1:04
9fEZurRfdRk | Comercial Tukaliv Enero    Publicidad en México | 22
84nQj-bQL7M | Comercial Wibe   Publicidad en México | 32
7c8CRwqBYSw | Comercial Danone   Publicidad en México | 12
7FtZ8fnwyjo | Comercial Sedal A1   Publicidad en México | 22
6ag1Nyo35F8 | Comercial Gelatina Jell o   Publicidad en México | 19
6ZaxQDK6ugo | Comercial Barbie Maestra   Publicidad en México | 34
5j3iHJvOxGs | Comercial Mi Primera Barbie   Publicidad en México | 21
4zxMW-feOQ4 | Comercial Nextel A1   Publicidad en México | 22
3bGRgswA9Go | Comercial Nestlé Quik   Publicidad en México | 20
1W6iyU_V6AM | Comercial Savilé   Publicidad en México | 52
1RMUXkxJcOs | Comercial Nikzon A1   Publicidad en México | 22
-L5OCGrbsng | Comercial Clairol Diciembre    Publicidad en México | 22
sl0DkHU4jDg | Comercial Scotch brite A1   Publicidad en México | 22
fGnjWoMSwYU | Comercial Bioexpert   Publicidad en México | 42
I9yMU1ntwFE | Comercial Ah Micol Enero    Publicidad en México | 22
74zTSHD0TkM | Comercial Desodorante Mum   Publicidad en México | 19
1m0Z8stedNQ | 9 de cada 10 personas lloraron al ver este video. | 3:09
mpelFlWCN7c | Campaña Sprite que promueve el chisme entre adolescentes. | 45
VEoup2Rqu_I | Un poco de la Historia de la Publicidad en México | 32
BJ5_eEDVzYM | Un poco de la Historia de la Publicidad en México | 1:18
c_HxrQAFlVM | Un poco de la Historia de la Publicidad Gubernamental en México | 1:02
Im9e1vn_nDc | 9 de cada 10 personas lloraron al ver el siguiente comercial. | 1:31
aaIhmUKirhU | Fruit Ninja in Real Life to Dubstep! | 2:47
W-SHRt45Neo | The Last Greeting Card Ever | 3:04
lypyHkKWRO0 | Comercial de lanzamiento Samsung Galaxy S III via Publi2.0 | 1:01
e-UA0QMu0LM | Nuevo Comercial Pecsi - Mostaza Merlo - Pepsi - via Publi2.0 | 13
RWoLKc6udR0 | Comercial Fernando Torres Pepsi TV + Pepsi Cuau - via Publi2.0 | 22
yPdn2jsZPOw | Nuevo Comercial Pepsi Cuau - via Publi2.0 | 21
rWbojKw-ICU | Publicidad Censurada - Spot Comercial de Seat - Imperdible via Publi2.0 | 38
Ft3DWS0jP54 | Publicidad Censurada - Spot Comercial de Cerveza Amstel - Imperdible via Publi2.0 | 33
6d72TioYyIE | Publicidad Censurada - Spot Comercial prohibido en la TV - Imperdible via Publi2.0 | 26
32vaSTroMWk | Publicidad Censurada - Spot Comercial de Axe: El toque Mágico - Imperdible via Publi2.0 | 1:02
DtigXmX-YEI | Publicidad Censurada - Spot Comercial de Office XP - Imperdible via Publi2.0 | 31
eFxR4qW46LQ | Little Thor - Mini Thor - Marvel - via Publi2.0 | 57
hAKTyQH1mRs | Google Chrome Spot de Lady Gaga - via Publi2.0 | 1:31
PG8qH2jzndU | Cadillac Beyond Luxury - Via Publi2.0 | 33
AOVMInbfyBo | Audi A1 commercial Oomph ! - Via Publi2.0 | 46
aEcIougH0Bg | Jens Aniston Sex Tape - Via Publi2.0 | 2:47
4me4sLJOgS0 | Grey - Playboy - VIDEOCASE - Via Publi2.0 | 2:04
RJpez2myu-I | Publi2.0 Portal de Publicidad en México | 39

== Pepsi Kendall Jenner commercial 2017 ==
uwvAgDCOdU4 | Full Pepsi Commercial Starring Kendal Jenner | Yash Yadav | 2:49
VogNNsQ3Gmw | Kendall Jenner Pepsi Ad | Alternative Mind | 42
j9x15lR9VIg | Kendall Jenner for Pepsi Commercial | Carlos | 2:40
tJCcnkqnjqU | PEPSI Kendall Jenner So Controversial Commercial | Los mejores anuncios de siempre y de hoy | 2:40
AfCiV6ysngU | FULL Pepsi Ad Commercial with Kendall Jenner | Miss Tech'N'Grind | 2:40
Pn8pwoNWseM | Pepsi Commercial - SNL | Saturday Night Live | 3:39
2IVoZLI1YMk | PEPSI Kendall Jenner Loses $2 Billion with 1 Bad Ad | Scott White | 6:50
bTivpgMkGKA | Here’s why Kendall Jenner's Pepsi ad is so controversial | Washington Post | 1:53

== Coca-Cola comercial navidad mixe Totontepec 2015 ==
vJC6hGZyQos | Anticomercial Coca Cola Navidad comunidad Mixe Totontepec 2015 | Diario de México TV | 2:04
lYeBLWz1K0M | Coca Cola Navidad comunidad Mixe Totontepec 2015 | Alianzasalud | 2:25
ZZHA0MwDL0Q | Coca Cola- DICIEMBRE 2015 (Totontepec Villa de Morelos, una comunidad mixe de Oaxaca, México) | Cuéntame de Cortazar | 1:26
t_jh-_3SnPQ | Coca Cola Navidad 2015 Abre tu corazon Comercial | spots publicitarios | 1:01
juDlI6l9WtA | Coca Cola Navidad 2015 "Abre tu Corazón " HD | La Caja de Juguetes y Más | 44
y-9t4ZbVOwA | COCA COLA NAVIDAD | Angel Lorenzo Perez | 31
DEoE4sTqB8g | Promo Navidad 2015 - Coca Cola / Farmacity | GustavoKaplan | 1:49
x1QWNDwdM9c | Coca Cola Navidad 2015 Comercial-Abre tu corazon | Gil Gonzalez | 31

== Dove Facebook ad 2017 controversy ==
vL4b-Il3EnE | Dove says they 'deeply regret' ad following widespread backlash | Good Morning America | 2:54
_XAtphyVNuQ | Dove In Deep Regret After Controversial Ad Posted On Facebook | CBS Boston | 1:55
zkIrbVycAeM | People are accusing this Dove ad of being racist | Business Insider | 1:16
w4OreEdwaAM | Outcry over Dove's controversial ad | CNN Business | 1:25
XLPTkzw4X84 | Dove apologizes for racially insensitive ad | KVUE | 2:16
FSg0LWQhnQc | Was a DOVE ad on Facebook Racist? | Chasing News | 5:03
NXo6L_P7pzA | Dove Under Fire For Facebook Ad Many Consider Racially Insensitive | TODAY | TODAY | 1:09
Lu1_MDxqznA | Dove sorry for racially insensitive Facebook ad | WKYC Channel 3 | 28

== Heineken Light sometimes lighter is better commercial ==
g_u_-OD1_z0 | Heineken 2018 'Lighter is better' advert. Racist? | Mary Berry | 31
_DXsJDDkOMo | Heineken pulls its "Sometimes, Lighter is Better" commercial | CBS News | 1:31
8_VFKMNF9aY | Heineken’s “Sometimes Lighter is Better” Backlash | The Daily Show | The Daily Show | 4:04
JjqV_qsS4JY | Chance the Rapper called out Heineken for producing a racist advert | IBTimes UK | 44
BuoFizrs3BU | Is Heineken Beer Racist? | Dirtface with Mike and Jay | 7:21
pG8Di1Sswvw | Heineken commercial pulled for racism | News 4 Tucson KVOA-TV | 46
-i1kJegRxwU | Heineken "Sometimes Lighter is Better" Commercial | dean krcic | 5:37
Zs5oBFyW2y8 | The Failure Story of "Heineken’s Sometimes, Lighter is Better Ad Controversy 2018" | ASFP | 3:04

== Philadelphia cream cheese advert banned ASA 2019 ==
avtzdOTbzbo | Banned Philadelphia TV Commercial June 2019 | Obsolete Archive | 18
zWet1bkZqgE | Banned - Volkswagen’s electric eGolf ad (UK, 2019) | dee.eph | 31
XNl3P-75afc | Lunch can be both delicious and a lot less complicated with Philadelphia | Philadelphia UK and Ireland | 20
8FThPy09BZM | Philadelphia Original - Boy in the Crowd | Macromex Brands | 15
7cKnrjyE_9A | GRILLED CUBAN SANDWICHES 2 WAYS!! | Noreen's Kitchen | 11:36

== Volkswagen eGolf advert banned gender stereotypes ==
zWet1bkZqgE | Banned - Volkswagen’s electric eGolf ad (UK, 2019) | dee.eph | 31
b4HTLVpey9s | Old Lady - Volkswagen Golf Commercial | jagodzik | 53
JyaHzY-8AD4 | The VW eGolf Commercial | Super Secret Mega Channel | 31
g9I_BIbRz2U | UK Philadelphia Cream Cheese and Volkswagen ads banned for gender stereotyping | CNN | 6:56
avtzdOTbzbo | Banned Philadelphia TV Commercial June 2019 | Obsolete Archive | 18
5l97cK4W-cw | Volkswagen Golf - BANNED UK Commercial - Advert Commercial | Advert Commercial | 1:55
rxd0W1Itx9Q | ✅  VW Ad Banned In UK For Stereotyping Women As Caregivers | Carscoops | Ben 4 | 2:59
GR-27BsCN68 | Gender stereotyping law bans these two adverts (UK) - BBC News - 14th August 2019 | Mark 1333 | 1:50
